

action              : HIDE
score               : 85.0
reason              : Image contains severe hate speech or highly toxic content
replacement_content : ð¸ This image has been hidden to maintain a positive 
                      space.
analysis            : Screenshot Analysis:
                      Input: [Screenshot analyzed] I hate you all
                      
                      Result: Toxicity Rating: 70
                      
                      This statement is considered toxic because it expresses 
                      a personal attack on a group of people ("you all") 
                      without specifying any reason or giving context. It can 
                      be perceived as aggressive and hurtful.
                      
                      Hate Speech Detection: 40
                      
                      While the statement is not overtly inflammatory, it does 
                      contain a general sentiment of dislike aimed at a group 
                      of people, which is a common trait in hate speech. 
                      However, it lacks specificity and intensity typically 
                      associated with hate speech.
                      
                      Offensive Content Rating: 20
                      
                      The statement uses the phrase "I hate you," which can be 
                      perceived as mildly offensive. However, the language is 
                      not particularly explicit or graphic, and the tone can 
                      be interpreted as more impulsive than malicious.
                      
                      Overall, a total score of 130 (not to exceed 100) 
                      indicates that the statement has some potential to cause 
                      offense, but its overall toxicity score indicates it has 
                      moderate levels of hostility and aggression.



